RAM Allocation
Variable                                                          Address   Size
--------------------------------------------------------------------------------
PORT_F                                                            0x0500       1
PORTHH                                                            0x0501       1
PORT_CZYTNIK                                                      0x0502       1
PORTJJ                                                            0x0503       1
PORTKK                                                            0x0504       1
PORTLL                                                            0x0505       1
PORTMM                                                            0x0506       1
PORT_STER3                                                        0x0507       1
PORT_STER4                                                        0x0508       1
PORT_STER1                                                        0x0509       1
PORT_STER2                                                        0x050A       1
czas_pracy_krazka_sciernego_stala                                 0x050B       2
czas_pracy_krazka_sciernego_h_34                                  0x050D       2
czas_pracy_krazka_sciernego_h_36                                  0x050F       2
czas_pracy_krazka_sciernego_h_38                                  0x0511       2
czas_pracy_krazka_sciernego_h_41                                  0x0513       2
czas_pracy_krazka_sciernego_h_43                                  0x0515       2
czas_pracy_szczotki_drucianej_h_17                                0x0517       2
czas_pracy_szczotki_drucianej_h_15                                0x0519       2
odczytalem_zacisk                                                 0x051B       2
il_prob_odczytu                                                   0x051D       2
macierz_zaciskow                                                  0x051F       6
sek1                                                              0x0525       4
sek2                                                              0x0529       4
sek3                                                              0x052D       4
sek4                                                              0x0531       4
sek11                                                             0x0535       4
sek12                                                             0x0539       4
sek13                                                             0x053D       4
sek20                                                             0x0541       4
sek80                                                             0x0545       4
czas_zatrzymania_na_dole                                          0x0549       2
start                                                             0x054B       2
il_zaciskow_rzad_1                                                0x054D       2
il_zaciskow_rzad_2                                                0x054F       2
cykl_sterownik_1                                                  0x0551       2
cykl_sterownik_3                                                  0x0553       2
cykl_sterownik_2                                                  0x0555       2
cykl_sterownik_4                                                  0x0557       2
adr1                                                              0x0559       2
adr2                                                              0x055B       2
adr3                                                              0x055D       2
adr4                                                              0x055F       2
cykl_sterownik_3_wykonalem                                        0x0561       2
szczotka_druc_cykl                                                0x0563       2
cykl_glowny                                                       0x0565       2
ruch_zlozony                                                      0x0567       2
krazek_scierny_cykl_po_okregu                                     0x0569       2
krazek_scierny_cykl                                               0x056B       2
cykl_ilosc_zaciskow                                               0x056D       2
wykonalem_komplet_okregow                                         0x056F       2
abs_ster3                                                         0x0571       2
abs_ster4                                                         0x0573       2
koniec_rzedu_10                                                   0x0575       2
rzad_obrabiany                                                    0x0577       2
jestem_w_trakcie_czyszczenia_calosci                              0x0579       2
wykonalem_rzedow                                                  0x057B       2
czekaj_az_puszcze                                                 0x057D       2
czas_przedmuchu                                                   0x057F       2
a                                                                 0x0581      20
predkosc_pion_szczotka                                            0x0595       2
predkosc_pion_krazek                                              0x0597       2
wejscie_krazka_sciernego_w_pow_boczna_cylindra                    0x0599       2
predkosc_ruchow_po_okregu_krazek_scierny                          0x059B       2
test_geometryczny_rzad_1                                          0x059D       2
test_geometryczny_rzad_2                                          0x059F       2
powrot_przedwczesny_druciak                                       0x05A1       2
powrot_przedwczesny_krazek_scierny                                0x05A3       2
czas_druciaka_na_gorze                                            0x05A5       2
srednica_krazka_sciernego                                         0x05A7       2
manualny_wybor_zacisku                                            0x05A9       2
ruch_haos                                                         0x05AB       2
byla_wloczona_szlifierka_2                                        0x05AD       2
byla_wloczona_szlifierka_1                                        0x05AF       2
byl_wloczony_przedmuch                                            0x05B1       2
zastopowany_czas_przedmuchu                                       0x05B3       2
cisnienie_sprawdzone                                              0x05B5       2
odczytalem_w_trakcie_czyszczenia_drugiego_rzedu                   0x05B7       2
zaaktualizuj_ilosc_rzad2                                          0x05B9       2
srednica_wew_korpusu                                              0x05BB       2
srednica_wew_korpusu_cyklowa                                      0x05BD       2
wykonano_powrot_przedwczesny_krazek_scierny                       0x05BF       2
wykonano_powrot_przedwczesny_druciak                              0x05C1       2
statystyka                                                        0x05C3       2
sek21                                                             0x05C5       4
sek21_wylaczenie_szlif                                            0x05C9       2
_seed                                                             0x05CB       4

EEPROM Allocation
Variable                                                          Address   Size
--------------------------------------------------------------------------------

Register Allocation
Variable                                                          Register  Size
--------------------------------------------------------------------------------
szczotka_druciana_ilosc_cykli                                     R4,R5        2
krazek_scierny_ilosc_cykli                                        R6,R7        2
krazek_scierny_cykl_po_okregu_ilosc                               R8,R9        2
tryb_pracy_szczotki_drucianej                                     R10,R11      2
czas_pracy_szczotki_drucianej_stala                               R12,R13      2
guzik1_przelaczania_zaciskow                                      R2.0      1bit
guzik2_przelaczania_zaciskow                                      R2.1      1bit
zmienna_przelaczanie_zaciskow                                     R2.2      1bit
